Parsed Circuit counter128 has gate count 428
Solving Initial Levels with 6007 constraints
Loutputs: 43
Initial Cost: 889
No Improvement Found in Iteration 2 at cost 889
Inserting Buffers
Best Cost Found is: 889
Network is Appropriately Balanced
Recovered Inserted Cost:889
Buffers = 631
Splitters = 258
Total Time: 0.20460295677185059 seconds 
Time in phase assignment 0.11440324783325195 
Time in tree construction 0.07064294815063477 
{1: 128, 2: 64, 4: 42.67, 6: 32.0, 8: 32.0, 10: 29.33, 12: 29.33, 14: 29.33, 16: 32, 18: 37.33, 22: 24.0, 19: 18.67, 21: 21.33, 24: 16.0, 25: 12.67, 27: 16.0, 28: 14.0, 26: 16.0, 30: 13.33, 20: 24.0, 23: 16.0, 29: 10.0, 32: 8.0, 33: 8.67, 35: 7.67, 36: 6.67, 31: 8.33, 34: 7.67, 37: 3.67, 38: 4.67, 39: 3.0, 40: 7, 3: 21.33, 5: 21.33, 7: 21.33, 9: 21.33, 13: 13.33, 17: 10.67, 11: 13.33, 15: 13.33}
Total Cells: 1452
Max Depth: 40
Max Width: 64.00
Average Width per Depth: 21.48
Number of Primary Inputs: 128
