Parsed Circuit c2670 has gate count 368
Solving Initial Levels with 89357 constraints
Loutputs: 32
Initial Cost: 2091
No Improvement Found in Iteration 2 at cost 2091
Iteration 3: 2091
Best Cost Found is: 2091
Network is Appropriately Balanced
Recovered Inserted Cost:1394
Buffers = 1244
Splitters = 150
Total Time: 1806.0129442214966 seconds 
Time in phase assignment 1802.965654850006 
Time in tree construction 1.7355883121490479 
{1: 156, 3: 68.0, 4: 67.67, 7: 65.33, 9: 51.67, 10: 55.33, 13: 34.67, 5: 68.33, 8: 51.67, 2: 48.33, 6: 68.33, 11: 62.67, 15: 38.67, 17: 22.0, 12: 42.33, 14: 38.33, 16: 30.0, 18: 20.67, 19: 13.0, 20: 9.67, 21: 7.0, 22: 6.33, 23: 5.67, 24: 5.0, 25: 2.67, 26: 2.33, 27: 2.0, 28: 1.67, 29: 1.33, 30: 1, 31: 1}
Width from Solution: 205.00
Total Cells: 1978
Max Depth: 31
Max Width: 68.33
Average Width per Depth: 33.83
Number of Primary Inputs: 156
