Parsed Circuit c499 has gate count 387
Solving Initial Levels with 7709 constraints
Loutputs: 33
Initial Cost: 2086
No Improvement Found in Iteration 2 at cost 2086
New version algorithm make no improvement, old version result retained, cost: 2086
Iteration 3: 2086
Best Cost Found is: 2086
Network is Appropriately Balanced
Recovered Inserted Cost:2134
Buffers = 1922
Splitters = 212
Total Time: 1803.7559247016907 seconds 
Time in phase assignment 1801.7599217891693 
Time in tree construction 0.307450532913208 
{1: 41, 8: 44.67, 9: 44.33, 4: 44.67, 5: 44.67, 7: 44.0, 11: 42.67, 12: 38.33, 6: 43.67, 14: 36.0, 15: 30.0, 3: 44.67, 10: 38.33, 17: 31.33, 13: 32.0, 16: 26.33, 19: 31.67, 21: 29.0, 22: 28.0, 20: 29.0, 23: 29.33, 25: 31.67, 27: 37.67, 29: 44.67, 31: 44.33, 32: 31.33, 30: 44.67, 28: 36.33, 33: 30, 2: 13.67, 18: 26.0, 26: 29.0, 24: 28.33}
Width from Solution: 134.00
Total Cells: 2594
Max Depth: 33
Max Width: 44.67
Average Width per Depth: 35.49
Number of Primary Inputs: 41

