Parsed Circuit counter64 has gate count 195
Solving Initial Levels with 2766 constraints
Loutputs: 35
Initial Cost: 415
No Improvement Found in Iteration 2 at cost 415
New version algorithm make no improvement, old version result retained, cost: 415
Iteration 3: 415
Best Cost Found is: 415
Network is Appropriately Balanced
Recovered Inserted Cost:637
Buffers = 519
Splitters = 118
Total Time: 1801.932873249054 seconds 
Time in phase assignment 1801.205800294876 
Time in tree construction 0.03807568550109863 
{1: 64, 9: 16.67, 8: 14.33, 5: 21.67, 7: 20.67, 4: 22.0, 2: 22.0, 11: 15.67, 12: 13.67, 13: 14.67, 15: 13.67, 16: 7.33, 17: 14.67, 3: 22.0, 19: 15.67, 21: 18.67, 10: 14.67, 6: 16.67, 25: 11.0, 24: 11.67, 27: 10.0, 20: 6.0, 23: 12.0, 26: 8.33, 14: 8.67, 29: 7.0, 30: 7.67, 22: 9.33, 32: 5.67, 33: 6, 31: 5.67, 28: 7.0, 34: 4, 35: 2, 18: 6.67}
Width from Solution: 66.00
Total Cells: 902
Max Depth: 35
Max Width: 22.00
Average Width per Depth: 13.64
Number of Primary Inputs: 64
