Parsed Circuit counter16 has gate count 29
Solving Initial Levels with 441 constraints
Loutputs: 22
Initial Cost: 77
No Improvement Found in Iteration 2 at cost 77
New version algorithm make no improvement, old version result retained, cost: 77
Iteration 3: 77
Best Cost Found is: 77
Network is Appropriately Balanced
Recovered Inserted Cost:130
Buffers = 111
Splitters = 19
Total Time: 1.5965816974639893 seconds 
Time in phase assignment 1.5211284160614014 
Time in tree construction 0.005212545394897461 
{1: 16, 4: 5.0, 6: 4.67, 3: 5.67, 2: 5.67, 5: 4.33, 7: 5.33, 9: 4.0, 11: 4.0, 12: 3.33, 13: 3.67, 15: 3.33, 17: 3.67, 21: 2.33, 18: 2.67, 19: 3.67, 22: 3, 20: 2.33, 8: 2.67, 10: 3.33, 14: 1.67, 16: 2.0}
Width from Solution: 17.00
Total Cells: 179
Max Depth: 22
Max Width: 5.67
Average Width per Depth: 4.20
Number of Primary Inputs: 16

